// Jest Snapshot v1, https://goo.gl/fbAQLP

exports[`Header component renders the correct status button based on the user's active status 1`] = `<ActiveStatusButton />`;

exports[`Header component renders the correct status button based on the user's active status 2`] = `<DeactivatedStatusButton />`;

exports[`Header component renders the correct status button based on the user's active status 3`] = `<FraudStatusButton />`;

exports[`Header component renders the correct status button based on the user's active status 4`] = `<BannedStatusButton />`;

exports[`Header component renders the correct status button based on the user's active status 5`] = `<SuspendedStatusButton />`;

exports[`Header component renders the correct status button based on the user's active status 6`] = `
<div>
  Unknown Error
</div>
`;
